// Jest Snapshot v1, https://goo.gl/fbAQLP

exports[`Catalog component matches snapshot 1`] = `
<div
  id="catalog-component"
>
  <div
    className="row"
    id="search-section"
  >
    <div
      className="col offset-l3 l9 m12 s12"
    >
      <input
        onBlur={[Function]}
        onChange={[Function]}
        onFocus={[Function]}
        placeholder="Search Recipe"
        type="search"
      />
      <i
        className="material-icons"
        id="clear-search"
        onClick={[Function]}
      >
        cancel
      </i>
    </div>
  </div>
  <div
    className="divider"
    id="main-divider"
  />
  <div
    className="row"
  >
    <div
      className="col l3"
      id="suggestion-section"
    >
      <h5>
        Today
        '
        s Combo
      </h5>
      <div
        className="divider"
      />
      <div
        className="recipe"
      >
        <div
          className="card"
        >
          <div
            className="card-image"
          >
            <img
              alt=""
              src="images/sample_recipes/recipe0116-xl-farro-with-vinegar-glazed-sweet-potato-and-apples.jpg"
            />
          </div>
          <div
            className="card-content"
          >
            <span
              className="card-title"
            >
              Farrow with vinegar, glazed sweet potato and apples
            </span>
            <p>
              I am a very simple card. I am good at containing small  bits of information. I am convenient because I require  little markup to use effectively.
            </p>
          </div>
          <div
            className="card-action"
          >
            <a
              href="#"
            >
              This is a link
            </a>
          </div>
        </div>
      </div>
    </div>
    <div
      className="col l9 s12"
    >
      <h5>
        Featured Recipes
      </h5>
      <div
        className="divider"
        id="gallery-before"
      />
      <div
        style={Object {}}
      >
        <div
          className="infinite-scroll-component"
          style={
            Object {
              "WebkitOverflowScrolling": "touch",
              "height": "auto",
              "overflow": "auto",
              "position": "relative",
            }
          }
        >
          <div
            className="infinite-scroll"
          >
            <div
              className="preloader-wrapper small active"
            >
              <div
                className="spinner-layer spinner-green-only"
              >
                <div
                  className="circle-clipper left"
                >
                  <div
                    className="circle"
                  />
                </div>
                <div
                  className="gap-patch"
                >
                  <div
                    className="circle"
                  />
                </div>
                <div
                  className="circle-clipper right"
                >
                  <div
                    className="circle"
                  />
                </div>
              </div>
            </div>
          </div>
        </div>
      </div>
    </div>
  </div>
  <div
    className="fixed-action-btn"
  >
    <a
      className="btn-floating btn-large pulse"
      onClick={[Function]}
    >
      <i
        className="material-icons"
      >
        add
      </i>
    </a>
  </div>
</div>
`;
