// Jest Snapshot v1, https://goo.gl/fbAQLP

exports[`LandingPage component matches snapshot 1`] = `
<div
  id="landing-page-component"
>
  <div
    className="parallax-container"
    id="index-banner"
  >
    <div
      className="section no-pad-bot"
    >
      <div
        className="container"
      >
        <h1
          className="header center grey-text text-darken-4"
        >
          More Recipes
        </h1>
        <div
          className="center"
        >
          <h5
            className="header col blue-grey-text text-darken-4 s12"
          >
            We Know You Love to Try New things.... Especially New Tastes
          </h5>
        </div>
        <div
          className="center"
        >
          <a
            className="btn-large waves-effect waves-light grey darken-4 lighten-1"
            id="btn-browse-catalog"
          >
            Browse Catalog
          </a>
        </div>
      </div>
    </div>
    <div
      className="parallax"
    >
      <img
        alt="Unsplashed background img 1"
        src="test-file-stub"
      />
    </div>
  </div>
  <div
    className="container"
  >
    <div
      className="section"
    >
      <div
        className="row"
        id=""
      >
        <div
          className="col s12 m4"
        >
          <div
            className="icon-block"
          >
            <h2
              className="center brown-text"
            >
              <img
                alt=""
                className="responsive-img"
                src="test-file-stub"
              />
            </h2>
            <h5
              className="center"
            >
              Discover Exciting Recipes
            </h5>
            <p
              className="light"
            >
              Browse through a rich base of interesting and exciting recipes from lovers of new tastes like you
            </p>
          </div>
        </div>
        <div
          className="col s12 m4"
        >
          <div
            className="icon-block"
          >
            <h2
              className="center"
            >
              <i
                className="material-icons"
              >
                share
              </i>
            </h2>
            <h5
              className="center"
            >
              Share Your Combinations
            </h5>
            <p
              className="light"
            >
              You love discovering new tastes and exciting combinations - Share sensational discoveries with other taste lovers and get exciting reviews that drives you to do more
            </p>
          </div>
        </div>
        <div
          className="col s12 m4"
        >
          <div
            className="icon-block"
          >
            <h2
              className="center brown-text"
            >
              <img
                alt=""
                className="responsive-img"
                src="test-file-stub"
                style={
                  Object {
                    "height": "50px",
                  }
                }
              />
            </h2>
            <h5
              className="center"
            >
              Review And Improve
            </h5>
            <p
              className="light"
            >
              Rate, assess, react, suggest....... and recipes can even be tran sformed into stimulating adventures.
            </p>
          </div>
        </div>
      </div>
    </div>
  </div>
  <div
    className="divider"
    id="recipe-gallery-section"
  />
  <div
    className="section"
  >
    <h5>
      Featured Recipes
    </h5>
  </div>
  <div
    className="row"
    id="recipe-gallery"
    style={
      Object {
        "width": "90%",
      }
    }
  >
    <p
      className="center"
    >
      There are no recipes in this category
    </p>
  </div>
  <div
    className="center"
  >
    <a
      className="btn-large waves-effect waves-light grey darken-4 lighten-1"
      href="/catalog"
      onClick={[Function]}
    >
      view entire catalog
    </a>
  </div>
</div>
`;
