// Jest Snapshot v1, https://goo.gl/fbAQLP

exports[`RecipeDetails - DetailsView component matches snapshot 1`] = `
<div
  className="recipe-details-component"
>
  <div
    className="container-section container"
  >
    <div
      className="row"
      id="recipe-info"
    >
      <div
        className="col s12 l4 images-section"
      >
        <h5
          className="title"
        />
        <div
          className="divider"
        />
        <div
          id="recipe-author-section"
        >
          <i
            className="material-icons"
          >
            account_circle
          </i>
          <div>
            <span>
              Authored by
            </span>
            <p />
          </div>
        </div>
        <div>
          <div>
            <div
              className="recipe-main-img"
            >
              <img
                alt=""
                src="undefined"
              />
            </div>
            <div
              className="row"
              id="thumbnails-row"
            />
          </div>
          <div>
            <div
              className="vote-actions"
            >
              <a
                className="btn waves-ripple undefined"
                disabled={undefined}
                id="upvote-btn"
                onClick={[Function]}
                style={
                  Object {
                    "marginLeft": "0",
                  }
                }
              >
                <i
                  className="material-icons"
                >
                  thumb_up
                </i>
                <span />
              </a>
              <a
                className="btn waves-ripple undefined"
                disabled={undefined}
                id="downvote-btn"
                onClick={[Function]}
              >
                <i
                  className="material-icons"
                >
                  thumb_down
                </i>
                <span />
              </a>
              <a
                className="btn waves-ripple undefined"
                disabled={undefined}
                id="favorite-btn"
                onClick={[Function]}
              >
                <i
                  className="material-icons"
                >
                  favorite
                </i>
                <span />
              </a>
            </div>
          </div>
        </div>
      </div>
      <div
        className="col s12 offset-l1 l6 description-section"
      >
        <div>
          <h5>
            Description
          </h5>
          <p />
        </div>
        <div
          className="divider"
        />
        <div
          className="ingredients"
        >
          <h5>
            Ingredients
          </h5>
          <ul />
        </div>
        <div
          className="divider"
        />
        <div
          className="directions"
        >
          <h5>
            Directions
          </h5>
          <ol />
        </div>
      </div>
    </div>
    <div
      className="divider"
    />
    <div
      id="review-section"
    >
      <h5>
        Reviews
      </h5>
      <div
        className="row"
      >
        <div
          className="col offset-m1 m10 s12 offset-l3 l6"
          id="review-form"
        >
          <textarea
            className="materialize-textarea"
            onChange={undefined}
            placeholder="Add a review"
            value={undefined}
          />
          <button
            className="btn btn-small"
            onClick={undefined}
          >
            Submit
          </button>
        </div>
        <div
          className="preloader"
        >
          <div
            className="preloader-wrapper big active"
          >
            <div
              className="spinner-layer"
            >
              <div
                className="circle-clipper left"
              >
                <div
                  className="circle"
                />
              </div>
              <div
                className="gap-patch"
              >
                <div
                  className="circle"
                />
              </div>
              <div
                className="circle-clipper right"
              >
                <div
                  className="circle"
                />
              </div>
            </div>
          </div>
        </div>
      </div>
    </div>
  </div>
</div>
`;
